
> finduo@0.0.1 build
> nest build

Found 57 error(s).

